// Jest Snapshot v1, https://goo.gl/fbAQLP

exports[`renders ForgotPasswordScreen component correctly 1`] = `
<View
  accessibilityState={
    {
      "busy": undefined,
      "checked": undefined,
      "disabled": undefined,
      "expanded": undefined,
      "selected": undefined,
    }
  }
  accessible={false}
  focusable={true}
  onClick={[Function]}
  onResponderGrant={[Function]}
  onResponderMove={[Function]}
  onResponderRelease={[Function]}
  onResponderTerminate={[Function]}
  onResponderTerminationRequest={[Function]}
  onStartShouldSetResponder={[Function]}
  style={
    {
      "alignItems": "center",
      "backgroundColor": "#FFFFFF",
      "flex": 1,
      "justifyContent": "center",
      "paddingBottom": 150,
    }
  }
>
  <Text
    style={
      {
        "fontSize": 35,
        "fontWeight": "bold",
        "marginBottom": 35,
      }
    }
  >
    Forgot password?
  </Text>
  <View
    style={
      {
        "width": "90%",
      }
    }
  >
    <TextInput
      label="Email"
      mode="outlined"
      onChangeText={[Function]}
      value=""
    />
    <Button
      contentStyle={
        {
          "paddingVertical": 5,
        }
      }
      labelStyle={
        {
          "fontSize": 16,
        }
      }
      mode="contained"
      onPress={[Function]}
      style={
        {
          "borderRadius": 10,
          "marginTop": 50,
        }
      }
    >
      Send email
    </Button>
  </View>
</View>
`;
