// Jest Snapshot v1, https://goo.gl/fbAQLP

exports[`displays correct header texts 1`] = `
<RCTScrollView
  refreshControl={
    <RefreshControlMock
      onRefresh={[Function]}
      refreshing={false}
    />
  }
>
  <RCTRefreshControl />
  <View>
    <Text
      style={
        {
          "color": "#000000",
          "fontSize": 24,
          "marginLeft": 20,
          "marginTop": 30,
          "textAlign": "left",
        }
      }
    >
      Recent Popular Activities
    </Text>
    <RCTScrollView
      horizontal={true}
      showsHorizontalScrollIndicator={false}
      style={
        {
          "flexDirection": "row",
          "marginTop": 30,
          "paddingHorizontal": 10,
        }
      }
    >
      <View>
        <View
          style={
            {
              "backgroundColor": "grey",
              "borderRadius": 40,
              "height": 80,
              "marginLeft": 10,
              "width": 80,
            }
          }
        />
        <View
          style={
            {
              "backgroundColor": "grey",
              "borderRadius": 40,
              "height": 80,
              "marginLeft": 10,
              "width": 80,
            }
          }
        />
        <View
          style={
            {
              "backgroundColor": "grey",
              "borderRadius": 40,
              "height": 80,
              "marginLeft": 10,
              "width": 80,
            }
          }
        />
        <View
          style={
            {
              "backgroundColor": "grey",
              "borderRadius": 40,
              "height": 80,
              "marginLeft": 10,
              "width": 80,
            }
          }
        />
        <View
          style={
            {
              "backgroundColor": "grey",
              "borderRadius": 40,
              "height": 80,
              "marginLeft": 10,
              "width": 80,
            }
          }
        />
        <View
          style={
            {
              "backgroundColor": "grey",
              "borderRadius": 40,
              "height": 80,
              "marginLeft": 10,
              "width": 80,
            }
          }
        />
        <View
          style={
            {
              "backgroundColor": "grey",
              "borderRadius": 40,
              "height": 80,
              "marginLeft": 10,
              "width": 80,
            }
          }
        />
        <View
          style={
            {
              "backgroundColor": "grey",
              "borderRadius": 40,
              "height": 80,
              "marginLeft": 10,
              "width": 80,
            }
          }
        />
        <View
          style={
            {
              "backgroundColor": "grey",
              "borderRadius": 40,
              "height": 80,
              "marginLeft": 10,
              "width": 80,
            }
          }
        />
        <View
          style={
            {
              "backgroundColor": "grey",
              "borderRadius": 40,
              "height": 80,
              "marginLeft": 10,
              "width": 80,
            }
          }
        />
      </View>
    </RCTScrollView>
    <Text
      style={
        {
          "color": "#000000",
          "fontSize": 24,
          "marginLeft": 20,
          "marginTop": 50,
          "textAlign": "left",
        }
      }
    >
      Recommended by Friends
    </Text>
    <RCTScrollView
      horizontal={true}
      showsHorizontalScrollIndicator={false}
      style={
        {
          "flexDirection": "row",
          "marginTop": 30,
          "paddingHorizontal": 10,
        }
      }
    >
      <View>
        <View
          style={
            {
              "backgroundColor": "grey",
              "borderRadius": 40,
              "height": 80,
              "marginLeft": 10,
              "width": 80,
            }
          }
        />
        <View
          style={
            {
              "backgroundColor": "grey",
              "borderRadius": 40,
              "height": 80,
              "marginLeft": 10,
              "width": 80,
            }
          }
        />
        <View
          style={
            {
              "backgroundColor": "grey",
              "borderRadius": 40,
              "height": 80,
              "marginLeft": 10,
              "width": 80,
            }
          }
        />
        <View
          style={
            {
              "backgroundColor": "grey",
              "borderRadius": 40,
              "height": 80,
              "marginLeft": 10,
              "width": 80,
            }
          }
        />
        <View
          style={
            {
              "backgroundColor": "grey",
              "borderRadius": 40,
              "height": 80,
              "marginLeft": 10,
              "width": 80,
            }
          }
        />
        <View
          style={
            {
              "backgroundColor": "grey",
              "borderRadius": 40,
              "height": 80,
              "marginLeft": 10,
              "width": 80,
            }
          }
        />
        <View
          style={
            {
              "backgroundColor": "grey",
              "borderRadius": 40,
              "height": 80,
              "marginLeft": 10,
              "width": 80,
            }
          }
        />
        <View
          style={
            {
              "backgroundColor": "grey",
              "borderRadius": 40,
              "height": 80,
              "marginLeft": 10,
              "width": 80,
            }
          }
        />
        <View
          style={
            {
              "backgroundColor": "grey",
              "borderRadius": 40,
              "height": 80,
              "marginLeft": 10,
              "width": 80,
            }
          }
        />
        <View
          style={
            {
              "backgroundColor": "grey",
              "borderRadius": 40,
              "height": 80,
              "marginLeft": 10,
              "width": 80,
            }
          }
        />
      </View>
    </RCTScrollView>
    <Text
      style={
        {
          "color": "#000000",
          "fontSize": 24,
          "marginLeft": 20,
          "marginTop": 50,
          "textAlign": "left",
        }
      }
    >
      Discover New People
    </Text>
    <RCTScrollView
      horizontal={true}
      showsHorizontalScrollIndicator={false}
      style={
        {
          "flexDirection": "row",
          "marginTop": 30,
          "paddingHorizontal": 10,
        }
      }
    >
      <View>
        <View
          style={
            {
              "backgroundColor": "grey",
              "borderRadius": 40,
              "height": 80,
              "marginLeft": 10,
              "width": 80,
            }
          }
        />
        <View
          style={
            {
              "backgroundColor": "grey",
              "borderRadius": 40,
              "height": 80,
              "marginLeft": 10,
              "width": 80,
            }
          }
        />
        <View
          style={
            {
              "backgroundColor": "grey",
              "borderRadius": 40,
              "height": 80,
              "marginLeft": 10,
              "width": 80,
            }
          }
        />
        <View
          style={
            {
              "backgroundColor": "grey",
              "borderRadius": 40,
              "height": 80,
              "marginLeft": 10,
              "width": 80,
            }
          }
        />
        <View
          style={
            {
              "backgroundColor": "grey",
              "borderRadius": 40,
              "height": 80,
              "marginLeft": 10,
              "width": 80,
            }
          }
        />
        <View
          style={
            {
              "backgroundColor": "grey",
              "borderRadius": 40,
              "height": 80,
              "marginLeft": 10,
              "width": 80,
            }
          }
        />
        <View
          style={
            {
              "backgroundColor": "grey",
              "borderRadius": 40,
              "height": 80,
              "marginLeft": 10,
              "width": 80,
            }
          }
        />
        <View
          style={
            {
              "backgroundColor": "grey",
              "borderRadius": 40,
              "height": 80,
              "marginLeft": 10,
              "width": 80,
            }
          }
        />
        <View
          style={
            {
              "backgroundColor": "grey",
              "borderRadius": 40,
              "height": 80,
              "marginLeft": 10,
              "width": 80,
            }
          }
        />
        <View
          style={
            {
              "backgroundColor": "grey",
              "borderRadius": 40,
              "height": 80,
              "marginLeft": 10,
              "width": 80,
            }
          }
        />
      </View>
    </RCTScrollView>
  </View>
</RCTScrollView>
`;

exports[`renders HomeScreen component correctly 1`] = `
<RCTScrollView
  refreshControl={
    <RefreshControlMock
      onRefresh={[Function]}
      refreshing={false}
    />
  }
>
  <RCTRefreshControl />
  <View>
    <Text
      style={
        {
          "color": "#000000",
          "fontSize": 24,
          "marginLeft": 20,
          "marginTop": 30,
          "textAlign": "left",
        }
      }
    >
      Recent Popular Activities
    </Text>
    <RCTScrollView
      horizontal={true}
      showsHorizontalScrollIndicator={false}
      style={
        {
          "flexDirection": "row",
          "marginTop": 30,
          "paddingHorizontal": 10,
        }
      }
    >
      <View>
        <View
          style={
            {
              "backgroundColor": "grey",
              "borderRadius": 40,
              "height": 80,
              "marginLeft": 10,
              "width": 80,
            }
          }
        />
        <View
          style={
            {
              "backgroundColor": "grey",
              "borderRadius": 40,
              "height": 80,
              "marginLeft": 10,
              "width": 80,
            }
          }
        />
        <View
          style={
            {
              "backgroundColor": "grey",
              "borderRadius": 40,
              "height": 80,
              "marginLeft": 10,
              "width": 80,
            }
          }
        />
        <View
          style={
            {
              "backgroundColor": "grey",
              "borderRadius": 40,
              "height": 80,
              "marginLeft": 10,
              "width": 80,
            }
          }
        />
        <View
          style={
            {
              "backgroundColor": "grey",
              "borderRadius": 40,
              "height": 80,
              "marginLeft": 10,
              "width": 80,
            }
          }
        />
        <View
          style={
            {
              "backgroundColor": "grey",
              "borderRadius": 40,
              "height": 80,
              "marginLeft": 10,
              "width": 80,
            }
          }
        />
        <View
          style={
            {
              "backgroundColor": "grey",
              "borderRadius": 40,
              "height": 80,
              "marginLeft": 10,
              "width": 80,
            }
          }
        />
        <View
          style={
            {
              "backgroundColor": "grey",
              "borderRadius": 40,
              "height": 80,
              "marginLeft": 10,
              "width": 80,
            }
          }
        />
        <View
          style={
            {
              "backgroundColor": "grey",
              "borderRadius": 40,
              "height": 80,
              "marginLeft": 10,
              "width": 80,
            }
          }
        />
        <View
          style={
            {
              "backgroundColor": "grey",
              "borderRadius": 40,
              "height": 80,
              "marginLeft": 10,
              "width": 80,
            }
          }
        />
      </View>
    </RCTScrollView>
    <Text
      style={
        {
          "color": "#000000",
          "fontSize": 24,
          "marginLeft": 20,
          "marginTop": 50,
          "textAlign": "left",
        }
      }
    >
      Recommended by Friends
    </Text>
    <RCTScrollView
      horizontal={true}
      showsHorizontalScrollIndicator={false}
      style={
        {
          "flexDirection": "row",
          "marginTop": 30,
          "paddingHorizontal": 10,
        }
      }
    >
      <View>
        <View
          style={
            {
              "backgroundColor": "grey",
              "borderRadius": 40,
              "height": 80,
              "marginLeft": 10,
              "width": 80,
            }
          }
        />
        <View
          style={
            {
              "backgroundColor": "grey",
              "borderRadius": 40,
              "height": 80,
              "marginLeft": 10,
              "width": 80,
            }
          }
        />
        <View
          style={
            {
              "backgroundColor": "grey",
              "borderRadius": 40,
              "height": 80,
              "marginLeft": 10,
              "width": 80,
            }
          }
        />
        <View
          style={
            {
              "backgroundColor": "grey",
              "borderRadius": 40,
              "height": 80,
              "marginLeft": 10,
              "width": 80,
            }
          }
        />
        <View
          style={
            {
              "backgroundColor": "grey",
              "borderRadius": 40,
              "height": 80,
              "marginLeft": 10,
              "width": 80,
            }
          }
        />
        <View
          style={
            {
              "backgroundColor": "grey",
              "borderRadius": 40,
              "height": 80,
              "marginLeft": 10,
              "width": 80,
            }
          }
        />
        <View
          style={
            {
              "backgroundColor": "grey",
              "borderRadius": 40,
              "height": 80,
              "marginLeft": 10,
              "width": 80,
            }
          }
        />
        <View
          style={
            {
              "backgroundColor": "grey",
              "borderRadius": 40,
              "height": 80,
              "marginLeft": 10,
              "width": 80,
            }
          }
        />
        <View
          style={
            {
              "backgroundColor": "grey",
              "borderRadius": 40,
              "height": 80,
              "marginLeft": 10,
              "width": 80,
            }
          }
        />
        <View
          style={
            {
              "backgroundColor": "grey",
              "borderRadius": 40,
              "height": 80,
              "marginLeft": 10,
              "width": 80,
            }
          }
        />
      </View>
    </RCTScrollView>
    <Text
      style={
        {
          "color": "#000000",
          "fontSize": 24,
          "marginLeft": 20,
          "marginTop": 50,
          "textAlign": "left",
        }
      }
    >
      Discover New People
    </Text>
    <RCTScrollView
      horizontal={true}
      showsHorizontalScrollIndicator={false}
      style={
        {
          "flexDirection": "row",
          "marginTop": 30,
          "paddingHorizontal": 10,
        }
      }
    >
      <View>
        <View
          style={
            {
              "backgroundColor": "grey",
              "borderRadius": 40,
              "height": 80,
              "marginLeft": 10,
              "width": 80,
            }
          }
        />
        <View
          style={
            {
              "backgroundColor": "grey",
              "borderRadius": 40,
              "height": 80,
              "marginLeft": 10,
              "width": 80,
            }
          }
        />
        <View
          style={
            {
              "backgroundColor": "grey",
              "borderRadius": 40,
              "height": 80,
              "marginLeft": 10,
              "width": 80,
            }
          }
        />
        <View
          style={
            {
              "backgroundColor": "grey",
              "borderRadius": 40,
              "height": 80,
              "marginLeft": 10,
              "width": 80,
            }
          }
        />
        <View
          style={
            {
              "backgroundColor": "grey",
              "borderRadius": 40,
              "height": 80,
              "marginLeft": 10,
              "width": 80,
            }
          }
        />
        <View
          style={
            {
              "backgroundColor": "grey",
              "borderRadius": 40,
              "height": 80,
              "marginLeft": 10,
              "width": 80,
            }
          }
        />
        <View
          style={
            {
              "backgroundColor": "grey",
              "borderRadius": 40,
              "height": 80,
              "marginLeft": 10,
              "width": 80,
            }
          }
        />
        <View
          style={
            {
              "backgroundColor": "grey",
              "borderRadius": 40,
              "height": 80,
              "marginLeft": 10,
              "width": 80,
            }
          }
        />
        <View
          style={
            {
              "backgroundColor": "grey",
              "borderRadius": 40,
              "height": 80,
              "marginLeft": 10,
              "width": 80,
            }
          }
        />
        <View
          style={
            {
              "backgroundColor": "grey",
              "borderRadius": 40,
              "height": 80,
              "marginLeft": 10,
              "width": 80,
            }
          }
        />
      </View>
    </RCTScrollView>
  </View>
</RCTScrollView>
`;
