// Jest Snapshot v1, https://goo.gl/fbAQLP

exports[`renders HomeScreen component correctly 1`] = `
<RCTScrollView
  refreshControl={
    <RefreshControlMock
      onRefresh={[Function]}
      refreshing={false}
    />
  }
>
  <RCTRefreshControl />
  <View>
    <Text
      style={
        {
          "color": "#000000",
          "fontSize": 24,
          "marginLeft": 20,
          "marginTop": 30,
          "textAlign": "left",
        }
      }
    >
      Discover New People
    </Text>
    <RCTScrollView
      horizontal={true}
      showsHorizontalScrollIndicator={false}
      style={
        {
          "flexDirection": "row",
          "height": 110,
          "marginTop": 20,
          "paddingHorizontal": 10,
        }
      }
    >
      <View>
        <ActivityIndicator
          color="#0000FF"
          size="small"
          style={
            {
              "marginLeft": 10,
            }
          }
        />
      </View>
    </RCTScrollView>
    <Text
      style={
        {
          "color": "#000000",
          "fontSize": 24,
          "marginLeft": 20,
          "marginTop": 50,
          "textAlign": "left",
        }
      }
    >
      Connect with Friends
    </Text>
    <RCTScrollView
      horizontal={true}
      showsHorizontalScrollIndicator={false}
      style={
        {
          "flexDirection": "row",
          "height": 110,
          "marginTop": 20,
          "paddingHorizontal": 10,
        }
      }
    >
      <View>
        <ActivityIndicator
          color="#0000FF"
          size="small"
          style={
            {
              "marginLeft": 10,
            }
          }
        />
      </View>
    </RCTScrollView>
    <Text
      style={
        {
          "color": "#000000",
          "fontSize": 24,
          "marginLeft": 20,
          "marginTop": 50,
          "textAlign": "left",
        }
      }
    >
      Discover People in 
      Seattle, WA
    </Text>
    <RCTScrollView
      horizontal={true}
      showsHorizontalScrollIndicator={false}
      style={
        {
          "flexDirection": "row",
          "height": 110,
          "marginTop": 20,
          "paddingHorizontal": 10,
        }
      }
    >
      <View>
        <ActivityIndicator
          color="#0000ff"
          size="small"
          style={
            {
              "marginLeft": 10,
            }
          }
        />
      </View>
    </RCTScrollView>
  </View>
</RCTScrollView>
`;
