// Jest Snapshot v1, https://goo.gl/fbAQLP

exports[`renders StartQuiz component initially 1`] = `
<Provider>
  <View
    style={
      {
        "alignItems": "center",
        "backgroundColor": "#FFFFFF",
        "flex": 1,
        "justifyContent": "center",
      }
    }
  >
    <StartQuiz
      handleStartPress={[Function]}
    />
  </View>
</Provider>
`;
